C:/Users/zqr/Desktop/Infantry/Application/ModuleLayer/ui.c:661:13:rotate_point_f	64	static
C:/Users/zqr/Desktop/Infantry/Application/ModuleLayer/ui.c:676:13:read_left_leg_raw_coords	16	static
C:/Users/zqr/Desktop/Infantry/Application/ModuleLayer/ui.c:688:13:read_right_leg_raw_coords	16	static
C:/Users/zqr/Desktop/Infantry/Application/ModuleLayer/ui.c:700:16:is_sd_motor_online	16	static
C:/Users/zqr/Desktop/Infantry/Application/ModuleLayer/ui.c:705:16:is_wheel_motor_online	16	static
C:/Users/zqr/Desktop/Infantry/Application/ModuleLayer/ui.c:714:13:update_leg_ui	48	static
C:/Users/zqr/Desktop/Infantry/Application/ModuleLayer/ui.c:860:13:update_cap_line	24	static
C:/Users/zqr/Desktop/Infantry/Application/ModuleLayer/ui.c:892:13:update_chas_circle	40	static
C:/Users/zqr/Desktop/Infantry/Application/ModuleLayer/ui.c:935:13:update_auto_catch_frame	16	static
C:/Users/zqr/Desktop/Infantry/Application/ModuleLayer/ui.c:959:13:update_length_frame	16	static
C:/Users/zqr/Desktop/Infantry/Application/ModuleLayer/ui.c:994:13:update_car_mode	24	static
C:/Users/zqr/Desktop/Infantry/Application/ModuleLayer/ui.c:1044:6:update_robot_health	16	static
C:/Users/zqr/Desktop/Infantry/Application/ModuleLayer/ui.c:1128:6:update_dart_warning	24	static
C:/Users/zqr/Desktop/Infantry/Application/ModuleLayer/ui.c:1181:6:My_Ui_Init	8	static
C:/Users/zqr/Desktop/Infantry/Application/ModuleLayer/ui.c:1192:6:update_fric_state_cycles	16	static
C:/Users/zqr/Desktop/Infantry/Application/ModuleLayer/ui.c:1224:6:update_vision_detect_robot_health	24	static
C:/Users/zqr/Desktop/Infantry/Application/ModuleLayer/ui.c:1315:6:update_enermy_money	16	static
C:/Users/zqr/Desktop/Infantry/Application/ModuleLayer/ui.c:1345:6:Ui_Info_Update	8	static
