C:/Users/zqr/Desktop/Infantry/Application/DeviceLayer/Imu/BMI088Middleware.c:6:6:BMI088_GPIO_init	4	static
C:/Users/zqr/Desktop/Infantry/Application/DeviceLayer/Imu/BMI088Middleware.c:11:6:BMI088_com_init	4	static
C:/Users/zqr/Desktop/Infantry/Application/DeviceLayer/Imu/BMI088Middleware.c:19:10:bmi2_micros	16	static
C:/Users/zqr/Desktop/Infantry/Application/DeviceLayer/Imu/BMI088Middleware.c:32:6:BMI088_delay_ms	16	static
C:/Users/zqr/Desktop/Infantry/Application/DeviceLayer/Imu/BMI088Middleware.c:40:6:BMI088_delay_us	24	static
C:/Users/zqr/Desktop/Infantry/Application/DeviceLayer/Imu/BMI088Middleware.c:49:6:BMI088_ACCEL_NS_L	8	static
C:/Users/zqr/Desktop/Infantry/Application/DeviceLayer/Imu/BMI088Middleware.c:53:6:BMI088_ACCEL_NS_H	8	static
C:/Users/zqr/Desktop/Infantry/Application/DeviceLayer/Imu/BMI088Middleware.c:58:6:BMI088_GYRO_NS_L	8	static
C:/Users/zqr/Desktop/Infantry/Application/DeviceLayer/Imu/BMI088Middleware.c:62:6:BMI088_GYRO_NS_H	8	static
C:/Users/zqr/Desktop/Infantry/Application/DeviceLayer/Imu/BMI088Middleware.c:67:9:BMI088_read_write_byte	32	static
