C:/Users/zqr/Desktop/Infantry/Core/Src/stm32h7xx_it.c:93:6:NMI_Handler	4	static
C:/Users/zqr/Desktop/Infantry/Core/Src/stm32h7xx_it.c:109:6:HardFault_Handler	4	static
C:/Users/zqr/Desktop/Infantry/Core/Src/stm32h7xx_it.c:125:6:MemManage_Handler	4	static
C:/Users/zqr/Desktop/Infantry/Core/Src/stm32h7xx_it.c:140:6:BusFault_Handler	4	static
C:/Users/zqr/Desktop/Infantry/Core/Src/stm32h7xx_it.c:155:6:UsageFault_Handler	4	static
C:/Users/zqr/Desktop/Infantry/Core/Src/stm32h7xx_it.c:170:6:DebugMon_Handler	4	static
C:/Users/zqr/Desktop/Infantry/Core/Src/stm32h7xx_it.c:190:6:DMA1_Stream0_IRQHandler	8	static
C:/Users/zqr/Desktop/Infantry/Core/Src/stm32h7xx_it.c:204:6:DMA1_Stream1_IRQHandler	8	static
C:/Users/zqr/Desktop/Infantry/Core/Src/stm32h7xx_it.c:218:6:DMA1_Stream2_IRQHandler	8	static
C:/Users/zqr/Desktop/Infantry/Core/Src/stm32h7xx_it.c:232:6:DMA1_Stream3_IRQHandler	8	static
C:/Users/zqr/Desktop/Infantry/Core/Src/stm32h7xx_it.c:246:6:DMA1_Stream4_IRQHandler	8	static
C:/Users/zqr/Desktop/Infantry/Core/Src/stm32h7xx_it.c:260:6:DMA1_Stream5_IRQHandler	8	static
C:/Users/zqr/Desktop/Infantry/Core/Src/stm32h7xx_it.c:274:6:DMA1_Stream6_IRQHandler	8	static
C:/Users/zqr/Desktop/Infantry/Core/Src/stm32h7xx_it.c:288:6:FDCAN1_IT0_IRQHandler	8	static
C:/Users/zqr/Desktop/Infantry/Core/Src/stm32h7xx_it.c:302:6:FDCAN2_IT0_IRQHandler	8	static
C:/Users/zqr/Desktop/Infantry/Core/Src/stm32h7xx_it.c:316:6:TIM2_IRQHandler	8	static
C:/Users/zqr/Desktop/Infantry/Core/Src/stm32h7xx_it.c:330:6:SPI2_IRQHandler	8	static
C:/Users/zqr/Desktop/Infantry/Core/Src/stm32h7xx_it.c:344:6:USART1_IRQHandler	8	static
C:/Users/zqr/Desktop/Infantry/Core/Src/stm32h7xx_it.c:358:6:EXTI15_10_IRQHandler	8	static
C:/Users/zqr/Desktop/Infantry/Core/Src/stm32h7xx_it.c:373:6:DMA1_Stream7_IRQHandler	8	static
C:/Users/zqr/Desktop/Infantry/Core/Src/stm32h7xx_it.c:387:6:UART5_IRQHandler	8	static
C:/Users/zqr/Desktop/Infantry/Core/Src/stm32h7xx_it.c:401:6:DMA2_Stream0_IRQHandler	8	static
C:/Users/zqr/Desktop/Infantry/Core/Src/stm32h7xx_it.c:415:6:DMA2_Stream1_IRQHandler	8	static
C:/Users/zqr/Desktop/Infantry/Core/Src/stm32h7xx_it.c:429:6:DMA2_Stream2_IRQHandler	8	static
C:/Users/zqr/Desktop/Infantry/Core/Src/stm32h7xx_it.c:443:6:UART7_IRQHandler	8	static
C:/Users/zqr/Desktop/Infantry/Core/Src/stm32h7xx_it.c:457:6:UART8_IRQHandler	8	static
C:/Users/zqr/Desktop/Infantry/Core/Src/stm32h7xx_it.c:471:6:SPI6_IRQHandler	8	static
C:/Users/zqr/Desktop/Infantry/Core/Src/stm32h7xx_it.c:485:6:USART10_IRQHandler	8	static
C:/Users/zqr/Desktop/Infantry/Core/Src/stm32h7xx_it.c:499:6:FDCAN3_IT0_IRQHandler	8	static
