C:/Users/zqr/Desktop/Infantry/Application/DriverLayer/drv_uart.c:68:6:HAL_UARTEx_RxEventCallback	16	static
C:/Users/zqr/Desktop/Infantry/Application/DriverLayer/drv_uart.c:111:13:USART_DMAEx_MultiBuffer_Init	24	static
C:/Users/zqr/Desktop/Infantry/Application/DriverLayer/drv_uart.c:144:6:USART5_Init	8	static
C:/Users/zqr/Desktop/Infantry/Application/DriverLayer/drv_uart.c:153:6:USART1_Init	8	static
C:/Users/zqr/Desktop/Infantry/Application/DriverLayer/drv_uart.c:165:6:USART10_Init	8	static
C:/Users/zqr/Desktop/Infantry/Application/DriverLayer/drv_uart.c:177:6:USART7_Init	8	static
C:/Users/zqr/Desktop/Infantry/Application/DriverLayer/drv_uart.c:189:6:USART8_Init	8	static
C:/Users/zqr/Desktop/Infantry/Application/DriverLayer/drv_uart.c:203:13:uart_rx_idle_callback	16	static
C:/Users/zqr/Desktop/Infantry/Application/DriverLayer/drv_uart.c:256:26:DMA_Start	32	static
C:/Users/zqr/Desktop/Infantry/Application/DriverLayer/drv_uart.c:317:6:DRV_UART_IRQHandler	16	static
C:/Users/zqr/Desktop/Infantry/Application/DriverLayer/drv_uart.c:327:6:WL_UART_printf	112	static
C:/Users/zqr/Desktop/Infantry/Application/DriverLayer/drv_uart.c:342:13:USART1_rxDataHandler	16	static
C:/Users/zqr/Desktop/Infantry/Application/DriverLayer/drv_uart.c:349:13:USART7_rxDataHandler	16	static
C:/Users/zqr/Desktop/Infantry/Application/DriverLayer/drv_uart.c:356:13:USART5_rxDataHandler	16	static
C:/Users/zqr/Desktop/Infantry/Application/DriverLayer/drv_uart.c:363:13:USART10_rxDataHandler	16	static
C:/Users/zqr/Desktop/Infantry/Application/DriverLayer/drv_uart.c:370:13:USART8_rxDataHandler	16	static
