C:/Users/zqr/Desktop/Infantry/Application/DriverLayer/drv_can.c:33:6:FDCAN1_Restart	8	static
C:/Users/zqr/Desktop/Infantry/Application/DriverLayer/drv_can.c:49:6:FDCAN2_Restart	8	static
C:/Users/zqr/Desktop/Infantry/Application/DriverLayer/drv_can.c:69:6:HAL_FDCAN_RxFifo0Callback	16	static
C:/Users/zqr/Desktop/Infantry/Application/DriverLayer/drv_can.c:90:6:HAL_FDCAN_RxFifo1Callback	16	static
C:/Users/zqr/Desktop/Infantry/Application/DriverLayer/drv_can.c:109:19:CAN_SendData	64	static
C:/Users/zqr/Desktop/Infantry/Application/DriverLayer/drv_can.c:134:13:CAN1_rxDataHandler	16	static
C:/Users/zqr/Desktop/Infantry/Application/DriverLayer/drv_can.c:141:13:CAN2_rxDataHandler	16	static
C:/Users/zqr/Desktop/Infantry/Application/DriverLayer/drv_can.c:148:13:CAN3_rxDataHandler	16	static
C:/Users/zqr/Desktop/Infantry/Application/DriverLayer/drv_can.c:157:6:CAN1_Filter_Init	48	static
C:/Users/zqr/Desktop/Infantry/Application/DriverLayer/drv_can.c:185:6:CAN2_Filter_Init	48	static
C:/Users/zqr/Desktop/Infantry/Application/DriverLayer/drv_can.c:213:6:CAN3_Filter_Init	48	static
