*** Using Compiler 'V6.24', folder: 'D:\keil5\ARM\ARMCLANG\Bin'
Build target 'MiniWheelLegRobot'
compiling freertos.c...
compiling stm32h7xx_hal_msp.c...
compiling tim.c...
compiling dma.c...
compiling gpio.c...
compiling stm32h7xx_it.c...
compiling fdcan.c...
compiling spi.c...
compiling main.c...
compiling iwdg.c...
compiling mini_chassis.c...
compiling usart.c...
compiling mini_robot_app.c...
compiling mini_lqr.c...
compiling drv_can.c...
compiling mini_foc_can.c...
compiling mini_ttl_servo.c...
compiling mini_status_led.c...
compiling mini_vofa.c...
linking...
Program Size: Code=88360 RO-data=1860 RW-data=1660 ZI-data=31080  
FromELF: creating hex file...
"MiniWheelLegRobot\MiniWheelLegRobot.axf" - 0 Error(s), 0 Warning(s).
Build Time Elapsed:  00:00:12
