*** Using Compiler 'V6.24', folder: 'D:\keil5\ARM\ARMCLANG\Bin'
Rebuild target 'MiniWheelLegRobot'
compiling gpio.c...
compiling fdcan.c...
compiling main.c...
compiling stm32h7xx_hal_timebase_tim.c...
compiling mini_robot_app.c...
compiling dma.c...
compiling stm32h7xx_hal_msp.c...
compiling iwdg.c...
compiling tim.c...
compiling stm32h7xx_it.c...
compiling spi.c...
compiling freertos.c...
compiling usart.c...
compiling mini_lqr.c...
compiling mini_pid.c...
compiling mini_chassis.c...
compiling mini_foc_can.c...
compiling mini_ttl_servo.c...
compiling mini_status_led.c...
compiling mini_vofa.c...
compiling drv_can.c...
compiling stm32h7xx_hal_cortex.c...
compiling drv_uart.c...
compiling stm32h7xx_hal_rcc.c...
compiling stm32h7xx_hal_flash.c...
compiling stm32h7xx_hal_flash_ex.c...
compiling stm32h7xx_hal_tim_ex.c...
compiling stm32h7xx_hal_rcc_ex.c...
compiling stm32h7xx_hal_gpio.c...
compiling stm32h7xx_hal_tim.c...
compiling stm32h7xx_hal_hsem.c...
compiling stm32h7xx_hal_dma_ex.c...
compiling stm32h7xx_hal_mdma.c...
compiling stm32h7xx_hal_dma.c...
compiling stm32h7xx_hal_pwr_ex.c...
compiling stm32h7xx_hal_pwr.c...
compiling stm32h7xx_hal_i2c_ex.c...
compiling stm32h7xx_hal_exti.c...
compiling stm32h7xx_hal.c...
compiling stm32h7xx_hal_spi_ex.c...
compiling stm32h7xx_hal_iwdg.c...
compiling croutine.c...
assembling startup_stm32h723xx.s...
compiling stm32h7xx_hal_fdcan.c...
compiling stm32h7xx_hal_uart_ex.c...
compiling stm32h7xx_hal_spi.c...
compiling stm32h7xx_hal_i2c.c...
compiling event_groups.c...
compiling stm32h7xx_hal_uart.c...
compiling list.c...
compiling stream_buffer.c...
compiling timers.c...
compiling queue.c...
compiling heap_4.c...
compiling port.c...
compiling tasks.c...
compiling system_stm32h7xx.c...
compiling BasicMathFunctionsF16.c...
compiling cmsis_os2.c...
compiling BayesFunctions.c...
compiling BasicMathFunctions.c...
compiling BayesFunctionsF16.c...
compiling ComplexMathFunctions.c...
compiling ComplexMathFunctionsF16.c...
compiling ControllerFunctions.c...
compiling CommonTablesF16.c...
compiling DistanceFunctionsF16.c...
compiling DistanceFunctions.c...
compiling FastMathFunctionsF16.c...
compiling FilteringFunctionsF16.c...
compiling FastMathFunctions.c...
compiling InterpolationFunctionsF16.c...
compiling InterpolationFunctions.c...
compiling MatrixFunctionsF16.c...
compiling SVMFunctions.c...
compiling MatrixFunctions.c...
compiling SVMFunctionsF16.c...
compiling QuaternionMathFunctions.c...
compiling StatisticsFunctionsF16.c...
compiling SupportFunctionsF16.c...
compiling StatisticsFunctions.c...
compiling SupportFunctions.c...
compiling FilteringFunctions.c...
compiling CommonTables.c...
compiling TransformFunctionsF16.c...
compiling WindowFunctions.c...
compiling TransformFunctions.c...
linking...
Program Size: Code=94904 RO-data=2128 RW-data=1660 ZI-data=31096  
FromELF: creating hex file...
"MiniWheelLegRobot\MiniWheelLegRobot.axf" - 0 Error(s), 0 Warning(s).
Build Time Elapsed:  00:00:04
