*** Using Compiler 'V6.24', folder: 'D:\keil5\ARM\ARMCLANG\Bin'
Build target 'MiniWheelLegRobot'
compiling mini_chassis.c...
compiling i2c.c...
compiling gpio.c...
compiling stm32h7xx_hal_msp.c...
compiling stm32h7xx_it.c...
compiling iwdg.c...
compiling fdcan.c...
compiling main.c...
compiling dma.c...
compiling spi.c...
compiling freertos.c...
compiling usart.c...
compiling mini_robot_app.c...
compiling mini_ttl_servo.c...
compiling mini_foc_can.c...
compiling mini_lqr.c...
compiling mini_vofa.c...
compiling drv_can.c...
compiling mini_status_led.c...
compiling drv_uart.c...
compiling mini_nrf24.c...
compiling mini_mpu6050.c...
linking...
Program Size: Code=91800 RO-data=2384 RW-data=428 ZI-data=29140  
FromELF: creating hex file...
"MiniWheelLegRobot\MiniWheelLegRobot.axf" - 0 Error(s), 0 Warning(s).
Build Time Elapsed:  00:00:13
